// Jest Snapshot v1, https://goo.gl/fbAQLP

exports[`rollup-plugin-main-entry throws an error when no pkg.main supplied 1`] = `"required field 'main' missing in package.json"`;
